
> buddies-os@0.1.0 build
> next build

node.exe :  ΓÜá Warning: Next.js inferred your workspace root, but it may not 
be correct.
At line:1 char:1
+ & "C:\Program Files\nodejs/node.exe" "C:\Program Files\nodejs/node_mo ...
+ ~~~~~~~~~~~~~~~~~~~~~~~~~~~~~~~~~~~~~~~~~~~~~~~~~~~~~~~~~~~~~~~~~~~~~
    + CategoryInfo          : NotSpecified: ( ΓÜá Warning: N...not be correct. 
   :String) [], RemoteException
    + FullyQualifiedErrorId : NativeCommandError
 
 We detected multiple lockfiles and selected the directory of C:\Users\Soban 
Ahmed\package-lock.json as the root directory.
 To silence this warning, set `outputFileTracingRoot` in your Next.js config, 
or consider removing one of the lockfiles if it's not needed.
   See 
https://nextjs.org/docs/app/api-reference/config/next-config-js/output#caveats 
for more information.
 Detected additional lockfiles: 
   * C:\Users\Soban Ahmed\Documents\buddies-os\package-lock.json

   Γû▓ Next.js 15.5.12
   - Environments: .env.local

   Creating an optimized production build ...
> [PWA] Compile server
> [PWA] Compile server
> [PWA] Compile client (static)
> [PWA] Custom worker found: C:\Users\Soban Ahmed\Documents\buddies-os\src\worker\index.js
> [PWA] Build custom worker: C:\Users\Soban Ahmed\Documents\buddies-os\public\worker-juCaSOU8XQiTzi-g3rXqw.js
> [PWA] Auto register service worker with: C:\Users\Soban Ahmed\Documents\buddies-os\node_modules\next-pwa\register.js
> [PWA] Service worker: C:\Users\Soban Ahmed\Documents\buddies-os\public\sw.js
> [PWA]   url: /sw.js
> [PWA]   scope: /
> [PWA] Fallback to precache routes when fetch failed from cache or network:
> [PWA]   document (page): /offline.html
 Γ£ô Compiled successfully in 13.2s
   Linting and checking validity of types ...
   Collecting page data ...
   Generating static pages (0/68) ...
   Generating static pages (17/68) 
   Generating static pages (34/68) 
   Generating static pages (51/68) 
 Γ£ô Generating static pages (68/68)
   Finalizing page optimization ...
   Collecting build traces ...

Route (app)                                 Size  First Load JS
Γöî Γùï /                                      165 B         106 kB
Γö£ Γùï /_not-found                            997 B         103 kB
Γö£ ╞Æ /api/agents                            272 B         102 kB
Γö£ ╞Æ /api/ai                                272 B         102 kB
Γö£ ╞Æ /api/ai/activity-patterns              272 B         102 kB
Γö£ ╞Æ /api/ai/check-rules                    272 B         102 kB
Γö£ ╞Æ /api/ai/command                        272 B         102 kB
Γö£ ╞Æ /api/ai/context                        272 B         102 kB
Γö£ ╞Æ /api/ai/decision-lessons               272 B         102 kB
Γö£ ╞Æ /api/ai/decision-patterns              272 B         102 kB
Γö£ ╞Æ /api/ai/embed                          272 B         102 kB
Γö£ ╞Æ /api/ai/execute                        272 B         102 kB
Γö£ ╞Æ /api/ai/execute-command                272 B         102 kB
Γö£ ╞Æ /api/ai/extract                        272 B         102 kB
Γö£ ╞Æ /api/ai/extract-command                272 B         102 kB
Γö£ ╞Æ /api/ai/extract-decision               272 B         102 kB
Γö£ ╞Æ /api/ai/focus-recommendation           272 B         102 kB
Γö£ ╞Æ /api/ai/generate-insights              272 B         102 kB
Γö£ ╞Æ /api/ai/insights                       272 B         102 kB
Γö£ ╞Æ /api/ai/memory                         272 B         102 kB
Γö£ ╞Æ /api/ai/predictions                    272 B         102 kB
Γö£ ╞Æ /api/ai/proactive                      272 B         102 kB
Γö£ ╞Æ /api/ai/query                          272 B         102 kB
Γö£ ╞Æ /api/ai/save                           272 B         102 kB
Γö£ ╞Æ /api/ai/semantic-search                272 B         102 kB
Γö£ ╞Æ /api/ai/sessions                       272 B         102 kB
Γö£ ╞Æ /api/ai/summarize-session              272 B         102 kB
Γö£ ╞Æ /api/ai/transcribe                     272 B         102 kB
Γö£ ╞Æ /api/ai/upload                         272 B         102 kB
Γö£ ╞Æ /api/ai/usage                          272 B         102 kB
Γö£ ╞Æ /api/auth/signout                      272 B         102 kB
Γö£ ╞Æ /api/clients                           272 B         102 kB
Γö£ ╞Æ /api/clients/[id]                      272 B         102 kB
Γö£ ╞Æ /api/clients/access                    272 B         102 kB
Γö£ ╞Æ /api/clients/keywords                  272 B         102 kB
Γö£ ╞Æ /api/clients/stages                    272 B         102 kB
Γö£ ╞Æ /api/command                           272 B         102 kB
Γö£ ╞Æ /api/daily-check                       272 B         102 kB
Γö£ ╞Æ /api/debug/context                     272 B         102 kB
Γö£ ╞Æ /api/documents                         272 B         102 kB
Γö£ ╞Æ /api/documents/[id]                    272 B         102 kB
Γö£ ╞Æ /api/projects                          272 B         102 kB
Γö£ ╞Æ /api/projects/chat                     272 B         102 kB
Γö£ ╞Æ /api/projects/decisions                272 B         102 kB
Γö£ ╞Æ /api/projects/documents                272 B         102 kB
Γö£ ╞Æ /api/projects/research                 272 B         102 kB
Γö£ ╞Æ /api/projects/rules                    272 B         102 kB
Γö£ ╞Æ /api/projects/tasks                    272 B         102 kB
Γö£ ╞Æ /api/research/run                      272 B         102 kB
Γö£ ╞Æ /api/research/sessions                 272 B         102 kB
Γö£ ╞Æ /api/search                            272 B         102 kB
Γö£ ╞Æ /api/summary                           272 B         102 kB
Γö£ ╞Æ /api/web-search                        272 B         102 kB
Γö£ Γùï /app                                 40.5 kB         197 kB
Γö£ Γùï /app/ai                              22.1 kB         179 kB
Γö£ Γùï /app/clients                           272 B         102 kB
Γö£ ╞Æ /app/clients/[id]                    4.69 kB         162 kB
Γö£ Γùï /app/command                           272 B         102 kB
Γö£ Γùï /app/daily-check                       272 B         102 kB
Γö£ Γùï /app/decisions                         272 B         102 kB
Γö£ Γùï /app/documents                         272 B         102 kB
Γö£ ╞Æ /app/documents/[id]                  3.81 kB         109 kB
Γö£ Γùï /app/integrations                    3.57 kB         160 kB
Γö£ Γùï /app/new-decision                      272 B         102 kB
Γö£ Γùï /app/project-update                    272 B         102 kB
Γö£ Γùï /app/projects                        2.56 kB         159 kB
Γö£ ╞Æ /app/projects/[id]                   4.84 kB         162 kB
Γö£ ╞Æ /app/projects/[id]/assistant         5.36 kB         108 kB
Γö£ ╞Æ /app/projects/[id]/code              2.29 kB         159 kB
Γö£ ╞Æ /app/projects/[id]/decisions         2.82 kB         105 kB
Γö£ ╞Æ /app/projects/[id]/documents         3.49 kB         106 kB
Γö£ ╞Æ /app/projects/[id]/research          2.67 kB         105 kB
Γö£ ╞Æ /app/projects/[id]/rules             3.05 kB         105 kB
Γö£ ╞Æ /app/projects/[id]/tasks             2.52 kB         105 kB
Γö£ Γùï /app/research                        3.21 kB         105 kB
Γö£ Γùï /app/rules                             272 B         102 kB
Γö£ Γùï /app/search                           3.1 kB         160 kB
Γöö Γùï /login                               1.08 kB         158 kB
+ First Load JS shared by all             102 kB
  Γö£ chunks/1255-a390e12b70b4a9fb.js        46 kB
  Γö£ chunks/4bd1b696-f785427dddbba9fb.js  54.2 kB
  Γöö other shared chunks (total)          2.01 kB


Γùï  (Static)   prerendered as static content
╞Æ  (Dynamic)  server-rendered on demand

